Could not mount the cdsl filesystem structure for the filesystem on param1.
 Usually this can only happen if you did not set it up - com-mkcdslinfrastructure.
 You should fix this and reboot this node.
