The bootparameter param1 cannot be validated.
 Read errormessage below.
 Command: errorbin
 Errors:
