This is a testerror with variable USER=marc param1=param1
 Command: errorbin
 Errors:
