Could not validate cluster configuration param1.
 Please check if file exists and read error:
 Command: errorbin
 Errors: 
