Could not detect network configuration.
 If unsure you might think of fixing it and continue booting with exiting from shell.
 Command: errorbin
 Output: 
 Errors:
